 
****************************************
Report : timing
        -path full
        -delay min
        -max_paths 1
Design : HF_tANS_recoder
Version: T-2022.03-SP4
Date   : Thu May 15 12:44:25 2025
****************************************

Operating Conditions: PVT_0P9V_125C   Library: slow_vdd1v0
Wire Load Model Mode: top

  Startpoint: I_F (input port clocked by PHI)
  Endpoint: I_F0_reg (rising edge-triggered flip-flop clocked by PHI)
  Path Group: PHI
  Path Type: min

  Point                                    Incr       Path
  -----------------------------------------------------------
  clock PHI (rise edge)                  0.0000     0.0000
  clock network delay (ideal)            0.0000     0.0000
  input external delay                   0.1000     0.1000 f
  I_F (in)                               0.0025     0.1025 f
  I_F0_reg/D (DFFQXL)                    0.0000     0.1025 f
  data arrival time                                 0.1025

  clock PHI (rise edge)                  0.0000     0.0000
  clock network delay (ideal)            0.0000     0.0000
  clock uncertainty                      0.0500     0.0500
  I_F0_reg/CK (DFFQXL)                   0.0000     0.0500 r
  library hold time                      0.0058     0.0558
  data required time                                0.0558
  -----------------------------------------------------------
  data required time                                0.0558
  data arrival time                                -0.1025
  -----------------------------------------------------------
  slack (MET)                                       0.0467


1
